MO div_1_8m NULL div_1_8m.v vlg5B/div__1__8m.bin 1484190632
MO SETDATAuart_send NULL SETDATAuart_send.v vlg47/_s_e_t_d_a_t_auart__send.bin 1483764083
MO top NULL top.v vlg6F/top.bin 1484190632
MO RAM NULL ipcore_dir/RAM.v vlg14/_r_a_m.bin 1483768430
MO uart_send NULL uart_send.v vlg65/uart__send.bin 1484190632
MO control_ram NULL control_ram.v vlg28/control__ram.bin 1483768412
MO div_baud NULL div_baud.v vlg22/div__baud.bin 1484190632
MO uart_receive NULL uart_receive.v vlg5E/uart__receive.bin 1484190632
MO uart NULL uart.v vlg48/uart.bin 1484190632
